terrain
MMMMMMMMM.......................
MMMMMM..........................
MMMMMM..........................
MMM.........~~~~~~~~~~~~~~~~~~~.
.....~~~~~~~~~~~~~~~~~..........
.....~~~~~~~~~~~~~..............
~~~~~~~~~~~~~~~.................
~~~~~~~~~~~~~~..................
~~~~~~~~~~~~~...................
.....~~~~~~~~...................
.....~~~~~~~~...................
......~............uuu..........
......~............uuu..........
......~.........................
......~uu................uu.....
......~.......~.................
......~......~~.................
M.....~......~~.................
M.....~..................u......
M.....~..................u......
MMM...~..................u......
MMM...~.................uu......
MMMMMM................uuuu......
MMMMMMMMMMMMMMMM...uuuuuuuu.....
MMMMMMMMMMMMMM....uuuuuuuuu.....
MMMMMMMMMM....uuuuuuuuuuuuuu....
MMMMMMM.......uuuuuuuuuuuuuu....
MMMMMMM.........yyyuuuuuuuu.....
MMMMMM.............uuuuuuuu.....
MMMMMM...~~...........uu........
MMM......~~.....................
MMM.............................
endterrain

skyscraper 22 23 100
skyscraper 20 21 120
skyscraper 19 21 100

mountain 1 25 320
mountain 2 2  250

windmill 17 12 70
windmill 19 12 80

mobiles 3
